// Jest Snapshot v1, https://goo.gl/fbAQLP

exports[`Missions Grid Test fetch missions and display them 1`] = `
<section
  class="missions"
>
  <div
    class="mission"
  >
    <img
      alt="House 1"
      class="mission__img"
      src="https://images2.imgbox.com/3c/0e/T8iJcSN3_o.png"
    />
    <h5
      class="mission__name"
    >
      MissionTest
    </h5>
    <div
      class="mission__details"
    >
      <div
        class="mission__cardDetailItem"
      >
        <img
          alt="map pin icon"
          src="mapPin.png"
        />
        <p>
          Kwajalein Atoll
        </p>
      </div>
      <div
        class="mission__cardDetailItem"
      >
        <img
          alt="rocket icon"
          src="rocket.png"
        />
        <p>
          Rocket 1
        </p>
      </div>
      <div
        class="mission__cardDetailItem"
      >
        <img
          alt="rocket icon"
          src="launchedRocket.png"
        />
        <p>
          2018
        </p>
      </div>
    </div>
    <button
      class="btn mission__btn"
      type="button"
    >
      Detalhes
    </button>
  </div>
</section>
`;
